
    -----------------------------------------------------------------------
          Psi4: An Open-Source Ab Initio Electronic Structure Package
                               Psi4 1.6a1.dev25 

                         Git: Rev {composite-jk} 5ff3cb2 dirty


    D. G. A. Smith, L. A. Burns, A. C. Simmonett, R. M. Parrish,
    M. C. Schieber, R. Galvelis, P. Kraus, H. Kruse, R. Di Remigio,
    A. Alenaizan, A. M. James, S. Lehtola, J. P. Misiewicz, M. Scheurer,
    R. A. Shaw, J. B. Schriber, Y. Xie, Z. L. Glick, D. A. Sirianni,
    J. S. O'Brien, J. M. Waldrop, A. Kumar, E. G. Hohenstein,
    B. P. Pritchard, B. R. Brooks, H. F. Schaefer III, A. Yu. Sokolov,
    K. Patkowski, A. E. DePrince III, U. Bozkaya, R. A. King,
    F. A. Evangelista, J. M. Turney, T. D. Crawford, C. D. Sherrill,
    J. Chem. Phys. 152(18) 184108 (2020). https://doi.org/10.1063/5.0006002

                            Additional Code Authors
    E. T. Seidl, C. L. Janssen, E. F. Valeev, M. L. Leininger,
    J. F. Gonthier, R. M. Richard, H. R. McAlexander, M. Saitow, X. Wang,
    P. Verma, M. H. Lechner, and A. Jiang

             Previous Authors, Complete List of Code Contributors,
                       and Citations for Specific Modules
    https://github.com/psi4/psi4/blob/master/codemeta.json
    https://github.com/psi4/psi4/graphs/contributors
    http://psicode.org/psi4manual/master/introduction.html#citing-psifour

    -----------------------------------------------------------------------


    Psi4 started on: Wednesday, 05 January 2022 12:30PM

    Process ID: 17499
    Host:       ds10
    PSIDATADIR: /theoryfs2/ds/jiang/p4dev/psi4/objdir-alexander/stage/share/psi4
    Memory:     500.0 MiB
    Threads:    1
    
  ==> Input File <==

--------------------------------------------------------------------------
#! RHF Direct-DF-J Algorithm test for water

ref_energy = -76.04125669409474 # TEST (Compare to Direct SCF)

molecule mol {
    0 1
    O
    H 1 0.96
    H 1 0.96 2 104.5
    symmetry c1
    no_reorient
    no_com
}

set {
    scf_type composite
    j_type direct_df
    k_type linK
    basis aug-cc-pVDZ
    ints_tolerance 1.0e-12
    e_convergence 1.0e-10
    d_convergence 1.0e-6
    screening density
    incfock true
    incfock_full_fock_every 4
    linK_ints_tolerance 1.0e-14
}

dfj_energy = energy('scf')
psi4.compare_values(ref_energy, dfj_energy, 4, "HF Energy (Direct-DF-J)")
--------------------------------------------------------------------------

Scratch directory: /scratch/jiang/

*** tstart() called on ds10
*** at Wed Jan  5 12:30:48 2022

   => Loading Basis Set <=

    Name: AUG-CC-PVDZ
    Role: ORBITAL
    Keyword: BASIS
    atoms 1   entry O          line   254 file /theoryfs2/ds/jiang/p4dev/psi4/objdir-alexander/stage/share/psi4/basis/aug-cc-pvdz.gbs 
    atoms 2-3 entry H          line    40 file /theoryfs2/ds/jiang/p4dev/psi4/objdir-alexander/stage/share/psi4/basis/aug-cc-pvdz.gbs 


         ---------------------------------------------------------
                                   SCF
               by Justin Turney, Rob Parrish, Andy Simmonett
                          and Daniel G. A. Smith
                              RHF Reference
                        1 Threads,    500 MiB Core
         ---------------------------------------------------------

  ==> Geometry <==

    Molecular point group: c1
    Full point group: C2v

    Geometry (in Angstrom), charge = 0, multiplicity = 1:

       Center              X                  Y                   Z               Mass       
    ------------   -----------------  -----------------  -----------------  -----------------
         O            0.000000000000     0.000000000000    -0.065775570547    15.994914619570
         H            0.000000000000    -0.759061990794     0.521953018286     1.007825032230
         H            0.000000000000     0.759061990794     0.521953018286     1.007825032230

  Running in c1 symmetry.

  Rotational constants: A =     27.26297  B =     14.51533  C =      9.47217 [cm^-1]
  Rotational constants: A = 817323.21126  B = 435158.60141  C = 283968.37536 [MHz]
  Nuclear repulsion =    9.168193296424347

  Charge       = 0
  Multiplicity = 1
  Electrons    = 10
  Nalpha       = 5
  Nbeta        = 5

  ==> Algorithm <==

  SCF Algorithm Type is COMPOSITE.
  DIIS enabled.
  MOM disabled.
  Fractional occupation disabled.
  Guess Type is SAD.
  Energy threshold   = 1.00e-10
  Density threshold  = 1.00e-06
  Integral threshold = 1.00e-12

  ==> Primary Basis <==

  Basis Set: AUG-CC-PVDZ
    Blend: AUG-CC-PVDZ
    Number of shells: 19
    Number of basis functions: 41
    Number of Cartesian functions: 43
    Spherical Harmonics?: true
    Max angular momentum: 2

   => Loading Basis Set <=

    Name: (AUG-CC-PVDZ AUX)
    Role: JKFIT
    Keyword: DF_BASIS_SCF
    atoms 1   entry O          line   270 file /theoryfs2/ds/jiang/p4dev/psi4/objdir-alexander/stage/share/psi4/basis/aug-cc-pvdz-jkfit.gbs 
    atoms 2-3 entry H          line    70 file /theoryfs2/ds/jiang/p4dev/psi4/objdir-alexander/stage/share/psi4/basis/aug-cc-pvdz-jkfit.gbs 

  ==> Integral Setup <==

  ==> CompositeJK: Mix/Match JK Builds <==

    J tasked:                  Yes
    J Algorithm:         DIRECT_DF
    K tasked:                  Yes
    K Algorithm:              LINK
    Integrals threads:           1
    Screening Type:        DENSITY
    Screening Cutoff:        1E-12
  Minimum eigenvalue in the overlap matrix is 2.6921161277E-03.
  Reciprocal condition number of the overlap matrix is 4.7404748701E-04.
    Using symmetric orthogonalization.

  ==> Pre-Iterations <==

  SCF Guess: Superposition of Atomic Densities via on-the-fly atomic UHF (no occupation information).

   -------------------------
    Irrep   Nso     Nmo    
   -------------------------
     A         41      41 
   -------------------------
    Total      41      41
   -------------------------

  ==> Iterations <==

                        Total Energy        Delta E     RMS |[F,P]|

   @RHF iter SAD:   -75.46291161737808   -7.54629e+01   0.00000e+00 
   @RHF iter   1:   -75.95707170328120   -4.94160e-01   1.10491e-02 DIIS
   @RHF iter   2:   -76.01024103594978   -5.31693e-02   7.21623e-03 DIIS
   @RHF iter   3:   -76.04087857918648   -3.06375e-02   5.18323e-04 DIIS
   @RHF iter   4:   -76.04125698200647   -3.78403e-04   1.16397e-04 DIIS
   @RHF iter   5:   -76.04127837968315   -2.13977e-05   2.62820e-05 DIIS
   @RHF iter   6:   -76.04128007458030   -1.69490e-06   5.29494e-06 DIIS
   @RHF iter   7:   -76.04128014756327   -7.29830e-08   8.83912e-07 DIIS
   @RHF iter   8:   -76.04128014925300   -1.68973e-09   1.36733e-07 DIIS
   @RHF iter   9:   -76.04128014920391    4.90843e-11   3.56805e-08 DIIS
  Energy and wave function converged.


  ==> Post-Iterations <==

    Orbital Energies [Eh]
    ---------------------

    Doubly Occupied:                                                      

       1A    -20.577718     2A     -1.355217     3A     -0.717760  
       4A     -0.585142     5A     -0.509216  

    Virtual:                                                              

       6A      0.035408     7A      0.057949     8A      0.174062  
       9A      0.196818    10A      0.222473    11A      0.231575  
      12A      0.290032    13A      0.331122    14A      0.385605  
      15A      0.403691    16A      0.433388    17A      0.538845  
      18A      0.647888    19A      0.658078    20A      0.810540  
      21A      0.928978    22A      1.101246    23A      1.115496  
      24A      1.148688    25A      1.306903    26A      1.466234  
      27A      1.482398    28A      1.582991    29A      2.001503  
      30A      2.009945    31A      2.107278    32A      2.366935  
      33A      2.477386    34A      2.622447    35A      2.714199  
      36A      2.965914    37A      3.672844    38A      3.689962  
      39A      3.702470    40A      4.023721    41A      4.303026  

    Final Occupation by Irrep:
              A 
    DOCC [     5 ]

  @RHF Final Energy:   -76.04128014920391

   => Energetics <=

    Nuclear Repulsion Energy =              9.1681932964243469
    One-Electron Energy =                -122.9288405161562139
    Two-Electron Energy =                  37.7193670705279516
    Total Energy =                        -76.0412801492039137

Computation Completed


Properties will be evaluated at   0.000000,   0.000000,   0.000000 [a0]

Properties computed using the SCF density matrix

  Nuclear Dipole Moment: [e a0]
     X:     0.0000      Y:     0.0000      Z:     0.9783

  Electronic Dipole Moment: [e a0]
     X:     0.0000      Y:     0.0000      Z:    -0.1911

  Dipole Moment: [e a0]
     X:     0.0000      Y:     0.0000      Z:     0.7873     Total:     0.7873

  Dipole Moment: [D]
     X:     0.0000      Y:     0.0000      Z:     2.0010     Total:     2.0010


*** tstop() called on ds10 at Wed Jan  5 12:30:49 2022
Module time:
	user time   =       0.90 seconds =       0.01 minutes
	system time =       0.02 seconds =       0.00 minutes
	total time  =          1 seconds =       0.02 minutes
Total time:
	user time   =       0.90 seconds =       0.01 minutes
	system time =       0.02 seconds =       0.00 minutes
	total time  =          1 seconds =       0.02 minutes
    HF Energy (Direct-DF-J)...............................................................PASSED

    Psi4 stopped on: Wednesday, 05 January 2022 12:30PM
    Psi4 wall time for execution: 0:00:00.97

*** Psi4 exiting successfully. Buy a developer a beer!
